// Jest Snapshot v1, https://goo.gl/fbAQLP

exports[`renders correctly 1`] = `
.c0 {
  padding: 4px 12px;
  border-radius: 24px;
  border: transparent;
  line-height: 15px;
  font-weight: bold;
  font-size: 14px;
}

.c1 {
  vertical-align: middle;
}

<button
  className="el-button el-button--default c0"
  disabled={false}
  onClick={[Function]}
  style={Object {}}
  type="button"
>
  <span>
    <span
      className="c1"
    />
  </span>
</button>
`;
